{
  "apiVersion": "apps/v1",
  "kind": "Deployment",
  "metadata": {
    "generation": 1,
    "name": "nginx-deployment",
    "namespace": "calamari-testing",
    "resourceVersion": "4663",
    "uid": "6f185745-cd69-4bd9-ad55-7e080c6762a2"
  },
  "spec": {
    "progressDeadlineSeconds": 600,
    "replicas": 3,
    "revisionHistoryLimit": 10,
    "selector": {
      "matchLabels": {
        "app": "nginx"
      }
    },
    "strategy": {
      "rollingUpdate": {
        "maxSurge": "25%",
        "maxUnavailable": "25%"
      },
      "type": "RollingUpdate"
    },
    "template": {
      "metadata": {
        "labels": {
          "app": "nginx"
        }
      },
      "spec": {
        "containers": [
          {
            "image": "nginx:1.14.2",
            "imagePullPolicy": "IfNotPresent",
            "name": "nginx",
            "ports": [
              {
                "containerPort": 80,
                "protocol": "TCP"
              }
            ],
            "resources": {},
            "terminationMessagePath": "/dev/termination-log",
            "terminationMessagePolicy": "File"
          }
        ],
        "dnsPolicy": "ClusterFirst",
        "restartPolicy": "Always",
        "schedulerName": "default-scheduler",
        "securityContext": {},
        "terminationGracePeriodSeconds": 30
      }
    }
  },
  "status": {
    "availableReplicas": 3,
    "conditions": [
      {
        "message": "Deployment has minimum availability.",
        "reason": "MinimumReplicasAvailable",
        "status": "True",
        "type": "Available"
      },
      {
        "message": "ReplicaSet \"nginx-deployment-85996f8dbd\" has successfully progressed.",
        "reason": "NewReplicaSetAvailable",
        "status": "True",
        "type": "Progressing"
      }
    ],
    "observedGeneration": 1,
    "readyReplicas": 3,
    "replicas": 3,
    "updatedReplicas": 3
  }
}