FF FE 7B 00 0D 00 0A 00   ??{.^.^.
20 00 20 00 22 00 64 00    . .".d.
61 00 67 00 67 00 65 00   a.g.g.e.
72 00 22 00 3A 00 20 00   r.".:. .
22 00 20 20 22 00 2C 00   ".  ".,.
0D 00 0A 00 20 00 20 00   ^.^. . .
22 00 73 00 75 00 6E 00   ".s.u.n.
6E 00 69 00 65 00 73 00   n.i.e.s.
22 00 3A 00 20 00 22 00   ".:. .".
3D D8 0E DE 22 00 2C 00   =???".,.
0D 00 0A 00 20 00 20 00   ^.^. . .
22 00 65 00 75 00 72 00   ".e.u.r.
6F 00 22 00 3A 00 20 00   o.".:. .
22 00 AC 20 22 00 0D 00   ".? ".^.
0A 00 7D 00               ^.}.