{
  "MyMessage": "Hello world",
  "EmailSettings": {
    "SmtpPort": 23,
    "UseProxy": false,
    "SmtpHost": "localhost",
    "DefaultRecipients": [
      {
        "Email": "paul@octopus.com",
        "Name": "Paul"
      },
      {
        "Email": "henrik@octopus.com",
        "Name": "Mike"
      }
    ]
  }
}