7B 0D 0A 20 20 22 64 61   {^^  "da
67 67 65 72 22 3A 20 22   gger": "
86 22 2C 0D 0A 20 20 22   ?",^^  "
65 75 72 6F 22 3A 20 22   euro": "
80 22 0D 0A 7D            ?"^^}