{
  "MyMessage": "Hello world",
  "EmailSettings": {
    "SmtpPort": "23",
    "SmtpHost": "mail.example.com",
    "DefaultRecipients": {
      "To": "paul@octopus.com",
      "Cc": "mike@octopus.com"
    }
  }
}