{
  "MyMessage": "Hello world",
  "EmailSettings": {
    "SmtpPort": 23,
    "UseProxy": true,
    "SmtpHost": "localhost",
    "DefaultRecipients": [
      "paul@octopus.com",
      "mike@octopus.com"
    ]
  }
}