EF BB BF 64 61 67 67 65   ???dagge
72 3A E2 80 A0 0D 0A 73   r:???^^s
75 6E 6E 69 65 73 3A F0   unnies:?
9F 98 8E 0D 0A 65 75 72   ???^^eur
6F E2 82 AC               o???