3C 64 6F 63 3E 0D 0A 20   <doc>^^ 
20 3C 64 61 67 67 65 72    <dagger
3E 86 3C 2F 64 61 67 67   >?</dagg
65 72 3E 0D 0A 20 20 3C   er>^^  <
65 75 72 6F 3E 80 3C 2F   euro>?</
65 75 72 6F 3E 0D 0A 3C   euro>^^<
2F 64 6F 63 3E            /doc>