<document>
  <selfclosing>value&lt;new</selfclosing>
  <empty>
  </empty>
  <mixed>This is <b>some</b> text</mixed>
</document>