server:
  ports:
  - "5555"
spring:
  H2:
    console:
      Enabled: "false"
environment: development
