64 61 67 67 65 72 3A 20   dagger: 
E2 80 A0 0A 73 75 6E 6E   ???^sunn
69 65 73 3A 20 22 5C 55   ies: "\U
30 30 30 31 46 36 30 45   0001F60E
22 0A 65 75 72 6F 3A 20   "^euro: 
E2 82 AC 0A               ???^