64 61 67 67 65 72 3A 20   dagger: 
86 0D 0A 65 75 72 6F 3A   ?^^euro:
20 80 0D 0A                ?^^