aaa:
    this: is
    less: nested
bbb:
    this:
        is: much more
    nested:
    - one
    - two
