server {
    listen 80;
    listen 443 ssl;
    ssl_certificate /etc/ssl/www.nginxsamplewebapp.com/www.nginxsamplewebapp.com.crt;
    ssl_certificate_key /etc/ssl/www.nginxsamplewebapp.com/www.nginxsamplewebapp.com.key;
    location / {
        proxy_pass http://localhost:5000;
        proxy_http_version 1.1;
        proxy_cache_bypass $http_upgrade;
        proxy_set_header Upgrade $http_upgrade;
        proxy_set_header Connection keep-alive;
        proxy_set_header Host $host;
        proxy_set_header X-Forwarded-For $proxy_add_x_forwarded_for;
        proxy_set_header X-Forwarded-Proto $scheme;
    }
}