Applying a transform from a different directory against multiple files
Given a package which has the structure:
Acme.Core.1.0.0.nupkg
├─app.config
├─transforms
| └─connstrings.mytransform.config
└─web.config
Then the transform transforms\connstrings.mytransform.config => *.config will:
 - Apply the transform transforms\connstrings.mytransform.config to file web.config
 - Apply the transform transforms\connstrings.mytransform.config to file app.config
