{
  "apiVersion": "v1",
  "kind": "Service",
  "metadata": {
    "name": "nginx-service",
    "namespace": "calamari-testing"
  },
  "spec": {
    "internalTrafficPolicy": "Cluster",
    "ipFamilies": [
      "IPv4"
    ],
    "ipFamilyPolicy": "SingleStack",
    "ports": [
      {
        "port": 80,
        "protocol": "TCP",
        "targetPort": 9376
      }
    ],
    "selector": {
      "app.kubernetes.io/name": "nginx"
    },
    "sessionAffinity": "None",
    "type": "ClusterIP"
  }
}